Archive member included to satisfy reference by file (symbol)

c:/program files (x86)/atmel/studio/7.0/toolchain/avr8/avr8-gnu-toolchain/bin/../lib/gcc/avr/5.4.0/../../../../avr/lib/avr51\libm.a(addsf3.o)
                              Src/main.o (__addsf3)
c:/program files (x86)/atmel/studio/7.0/toolchain/avr8/avr8-gnu-toolchain/bin/../lib/gcc/avr/5.4.0/../../../../avr/lib/avr51\libm.a(addsf3x.o)
                              c:/program files (x86)/atmel/studio/7.0/toolchain/avr8/avr8-gnu-toolchain/bin/../lib/gcc/avr/5.4.0/../../../../avr/lib/avr51\libm.a(addsf3.o) (__addsf3x)
c:/program files (x86)/atmel/studio/7.0/toolchain/avr8/avr8-gnu-toolchain/bin/../lib/gcc/avr/5.4.0/../../../../avr/lib/avr51\libm.a(fixsfsi.o)
                              Src/IFeedBack.o (__fixsfsi)
c:/program files (x86)/atmel/studio/7.0/toolchain/avr8/avr8-gnu-toolchain/bin/../lib/gcc/avr/5.4.0/../../../../avr/lib/avr51\libm.a(fixunssfsi.o)
                              c:/program files (x86)/atmel/studio/7.0/toolchain/avr8/avr8-gnu-toolchain/bin/../lib/gcc/avr/5.4.0/../../../../avr/lib/avr51\libm.a(fixsfsi.o) (__fixunssfsi)
c:/program files (x86)/atmel/studio/7.0/toolchain/avr8/avr8-gnu-toolchain/bin/../lib/gcc/avr/5.4.0/../../../../avr/lib/avr51\libm.a(floatsisf.o)
                              Src/main.o (__floatunsisf)
c:/program files (x86)/atmel/studio/7.0/toolchain/avr8/avr8-gnu-toolchain/bin/../lib/gcc/avr/5.4.0/../../../../avr/lib/avr51\libm.a(fp_inf.o)
                              c:/program files (x86)/atmel/studio/7.0/toolchain/avr8/avr8-gnu-toolchain/bin/../lib/gcc/avr/5.4.0/../../../../avr/lib/avr51\libm.a(addsf3x.o) (__fp_inf)
c:/program files (x86)/atmel/studio/7.0/toolchain/avr8/avr8-gnu-toolchain/bin/../lib/gcc/avr/5.4.0/../../../../avr/lib/avr51\libm.a(fp_nan.o)
                              c:/program files (x86)/atmel/studio/7.0/toolchain/avr8/avr8-gnu-toolchain/bin/../lib/gcc/avr/5.4.0/../../../../avr/lib/avr51\libm.a(addsf3x.o) (__fp_nan)
c:/program files (x86)/atmel/studio/7.0/toolchain/avr8/avr8-gnu-toolchain/bin/../lib/gcc/avr/5.4.0/../../../../avr/lib/avr51\libm.a(fp_pscA.o)
                              c:/program files (x86)/atmel/studio/7.0/toolchain/avr8/avr8-gnu-toolchain/bin/../lib/gcc/avr/5.4.0/../../../../avr/lib/avr51\libm.a(addsf3x.o) (__fp_pscA)
c:/program files (x86)/atmel/studio/7.0/toolchain/avr8/avr8-gnu-toolchain/bin/../lib/gcc/avr/5.4.0/../../../../avr/lib/avr51\libm.a(fp_pscB.o)
                              c:/program files (x86)/atmel/studio/7.0/toolchain/avr8/avr8-gnu-toolchain/bin/../lib/gcc/avr/5.4.0/../../../../avr/lib/avr51\libm.a(addsf3x.o) (__fp_pscB)
c:/program files (x86)/atmel/studio/7.0/toolchain/avr8/avr8-gnu-toolchain/bin/../lib/gcc/avr/5.4.0/../../../../avr/lib/avr51\libm.a(fp_round.o)
                              c:/program files (x86)/atmel/studio/7.0/toolchain/avr8/avr8-gnu-toolchain/bin/../lib/gcc/avr/5.4.0/../../../../avr/lib/avr51\libm.a(addsf3.o) (__fp_round)
c:/program files (x86)/atmel/studio/7.0/toolchain/avr8/avr8-gnu-toolchain/bin/../lib/gcc/avr/5.4.0/../../../../avr/lib/avr51\libm.a(fp_split3.o)
                              c:/program files (x86)/atmel/studio/7.0/toolchain/avr8/avr8-gnu-toolchain/bin/../lib/gcc/avr/5.4.0/../../../../avr/lib/avr51\libm.a(addsf3x.o) (__fp_split3)
c:/program files (x86)/atmel/studio/7.0/toolchain/avr8/avr8-gnu-toolchain/bin/../lib/gcc/avr/5.4.0/../../../../avr/lib/avr51\libm.a(fp_zero.o)
                              c:/program files (x86)/atmel/studio/7.0/toolchain/avr8/avr8-gnu-toolchain/bin/../lib/gcc/avr/5.4.0/../../../../avr/lib/avr51\libm.a(addsf3x.o) (__fp_zero)
c:/program files (x86)/atmel/studio/7.0/toolchain/avr8/avr8-gnu-toolchain/bin/../lib/gcc/avr/5.4.0/../../../../avr/lib/avr51\libm.a(mulsf3.o)
                              Src/IFeedBack.o (__mulsf3)
c:/program files (x86)/atmel/studio/7.0/toolchain/avr8/avr8-gnu-toolchain/bin/../lib/gcc/avr/5.4.0/../../../../avr/lib/avr51\libm.a(mulsf3x.o)
                              c:/program files (x86)/atmel/studio/7.0/toolchain/avr8/avr8-gnu-toolchain/bin/../lib/gcc/avr/5.4.0/../../../../avr/lib/avr51\libm.a(mulsf3.o) (__mulsf3x)
c:/program files (x86)/atmel/studio/7.0/toolchain/avr8/avr8-gnu-toolchain/bin/../lib/gcc/avr/5.4.0/../../../../avr/lib/avr51\libscanf_flt.a(vfscanf_flt.o)
                              (vfscanf)
C:\Users\ZongYo\Documents\Atmel Studio\7.0\test_work\test_work\libc4m.a(std_isr.o)
                              (USE_C4MLIB_STD_ISR)
C:\Users\ZongYo\Documents\Atmel Studio\7.0\test_work\test_work\libc4m.a(hal_uart.o)
                              C:\Users\ZongYo\Documents\Atmel Studio\7.0\test_work\test_work\libc4m.a(std_isr.o) (UART1_Inst)
C:\Users\ZongYo\Documents\Atmel Studio\7.0\test_work\test_work\libc4m.a(hal_spi.o)
                              C:\Users\ZongYo\Documents\Atmel Studio\7.0\test_work\test_work\libc4m.a(std_isr.o) (SPI_SlaveInst)
C:\Users\ZongYo\Documents\Atmel Studio\7.0\test_work\test_work\libc4m.a(isr.o)
[...]
Memory Configuration

Name             Origin             Length             Attributes
text             0x00000000         0x00020000         xr
data             0x00800100         0x00001000         rw !x
eeprom           0x00810000         0x00001000         rw !x
fuse             0x00820000         0x00000003         rw !x
lock             0x00830000         0x00000400         rw !x
signature        0x00840000         0x00000400         rw !x
user_signatures  0x00850000         0x00000400         rw !x
*default*        0x00000000         0xffffffff

Linker script and memory map

Address of section .data set to 0x800100
LOAD C:/Program Files (x86)/Atmel/Studio/7.0/Packs/atmel/ATmega_DFP/1.6.364/gcc/dev/atmega128/avr51/crtatmega128.o
LOAD Src/Compensator_2.o
LOAD Src/DynaSinTable.o
LOAD Src/hardware_init.o
LOAD Src/IFeedBack.o
LOAD Src/IntPoPwm.o
LOAD Src/LLFeedBack.o
LOAD Src/main.o
LOAD Src/MoCmdBuff.o
LOAD Src/Overflower.o
LOAD Src/RWFirFilter.o
LOAD Src/sine_test.o
LOAD Src/SinTable.o
LOAD Src/uartdevice.o
START GROUP
LOAD c:/program files (x86)/atmel/studio/7.0/toolchain/avr8/avr8-gnu-toolchain/bin/../lib/gcc/avr/5.4.0/../../../../avr/lib/avr51\libm.a
LOAD c:/program files (x86)/atmel/studio/7.0/toolchain/avr8/avr8-gnu-toolchain/bin/../lib/gcc/avr/5.4.0/../../../../avr/lib/avr51\libscanf_flt.a
LOAD C:\Users\ZongYo\Documents\Atmel Studio\7.0\test_work\test_work\libc4m.a
LOAD c:/program files (x86)/atmel/studio/7.0/toolchain/avr8/avr8-gnu-toolchain/bin/../lib/gcc/avr/5.4.0/../../../../avr/lib/avr51\libprintf_flt.a
END GROUP
START GROUP
LOAD c:/program files (x86)/atmel/studio/7.0/toolchain/avr8/avr8-gnu-toolchain/bin/../lib/gcc/avr/5.4.0/avr51\libgcc.a
LOAD c:/program files (x86)/atmel/studio/7.0/toolchain/avr8/avr8-gnu-toolchain/bin/../lib/gcc/avr/5.4.0/../../../../avr/lib/avr51\libm.a
LOAD c:/program files (x86)/atmel/studio/7.0/toolchain/avr8/avr8-gnu-toolchain/bin/../lib/gcc/avr/5.4.0/../../../../avr/lib/avr51\libc.a
LOAD C:/Program Files (x86)/Atmel/Studio/7.0/Packs/atmel/ATmega_DFP/1.6.364/gcc/dev/atmega128/avr51\libatmega128.a
END GROUP
                0x00000000                __TEXT_REGION_ORIGIN__ = DEFINED (__TEXT_REGION_ORIGIN__)?__TEXT_REGION_ORIGIN__:0x0
                [0x00800100]                __DATA_REGION_ORIGIN__ = DEFINED (__DATA_REGION_ORIGIN__)?__DATA_REGION_ORIGIN__:0x800100
                [0x00020000]                __TEXT_REGION_LENGTH__ = DEFINED (__TEXT_REGION_LENGTH__)?__TEXT_REGION_LENGTH__:0x20000
                [0x00001000]                __DATA_REGION_LENGTH__ = DEFINED (__DATA_REGION_LENGTH__)?__DATA_REGION_LENGTH__:0xff00
                [0x00001000]                __EEPROM_REGION_LENGTH__ = DEFINED (__EEPROM_REGION_LENGTH__)?__EEPROM_REGION_LENGTH__:0x10000
                [0x00000003]                __FUSE_REGION_LENGTH__ = DEFINED (__FUSE_REGION_LENGTH__)?__FUSE_REGION_LENGTH__:0x400
                0x00000400                __LOCK_REGION_LENGTH__ = DEFINED (__LOCK_REGION_LENGTH__)?__LOCK_REGION_LENGTH__:0x400
                0x00000400                __SIGNATURE_REGION_LENGTH__ = DEFINED (__SIGNATURE_REGION_LENGTH__)?__SIGNATURE_REGION_LENGTH__:0x400
                0x00000400                __USER_SIGNATURE_REGION_LENGTH__ = DEFINED (__USER_SIGNATURE_REGION_LENGTH__)?__USER_SIGNATURE_REGION_LENGTH__:0x400

.hash
 *(.hash)

.dynsym
 *(.dynsym)

.dynstr
 *(.dynstr)

.gnu.version
 *(.gnu.version)

.gnu.version_d
 *(.gnu.version_d)

.gnu.version_r
 *(.gnu.version_r)

.rel.init
 *(.rel.init)

.rela.init
 *(.rela.init)

.rel.text
 *(.rel.text)
 *(.rel.text.*)
 *(.rel.gnu.linkonce.t*)

.rela.text
 *(.rela.text)
 *(.rela.text.*)
 *(.rela.gnu.linkonce.t*)

.rel.fini
 *(.rel.fini)

.rela.fini
 *(.rela.fini)

.rel.rodata
 *(.rel.rodata)
 *(.rel.rodata.*)
 *(.rel.gnu.linkonce.r*)

.rela.rodata
 *(.rela.rodata)
 *(.rela.rodata.*)
 *(.rela.gnu.linkonce.r*)

.rel.data
 *(.rel.data)
 *(.rel.data.*)
 *(.rel.gnu.linkonce.d*)

.rela.data
 *(.rela.data)
 *(.rela.data.*)
 *(.rela.gnu.linkonce.d*)

.rel.ctors
 *(.rel.ctors)

.rela.ctors
 *(.rela.ctors)

.rel.dtors
 *(.rel.dtors)

.rela.dtors
 *(.rela.dtors)

.rel.got
 *(.rel.got)

.rela.got
 *(.rela.got)

.rel.bss
 *(.rel.bss)

.rela.bss
 *(.rela.bss)

.rel.plt
 *(.rel.plt)

.rela.plt
 *(.rela.plt)

.text           0x00000000     0x455c
 *(.vectors)
 .vectors       0x00000000       0x8c C:/Program Files (x86)/Atmel/Studio/7.0/Packs/atmel/ATmega_DFP/1.6.364/gcc/dev/atmega128/avr51/crtatmega128.o
                0x00000000                __vector_default
                0x00000000                __vectors
 *(.vectors)
 *(.progmem.gcc*)
                0x0000008c                . = ALIGN (0x2)
                0x0000008c                __trampolines_start = .
 *(.trampolines)
 .trampolines   0x0000008c        0x0 linker stubs
 *(.trampolines*)
                0x0000008c                __trampolines_end = .
 *libprintf_flt.a:*(.progmem.data)
 .progmem.data  0x0000008c        0x8 c:/program files (x86)/atmel/studio/7.0/toolchain/avr8/avr8-gnu-toolchain/bin/../lib/gcc/avr/5.4.0/../../../../avr/lib/avr51\libprintf_flt.a(vfprintf_flt.o)
 *libc.a:*(.progmem.data)
 .progmem.data  0x00000094       0xfa c:/program files (x86)/atmel/studio/7.0/toolchain/avr8/avr8-gnu-toolchain/bin/../lib/gcc/avr/5.4.0/../../../../avr/lib/avr51\libc.a(ftoa_engine.o)
 *(.progmem*)
 .progmem.data  0x0000018e       0x4d c:/program files (x86)/atmel/studio/7.0/toolchain/avr8/avr8-gnu-toolchain/bin/../lib/gcc/avr/5.4.0/../../../../avr/lib/avr51\libscanf_flt.a(vfscanf_flt.o)
                0x000001dc                . = ALIGN (0x2)
 *fill*         0x000001db        0x1 
 *(.jumptables)
 *(.jumptables*)
 *(.lowtext)
 *(.lowtext*)
                0x000001dc                __ctors_start = .
 *(.ctors)
                0x000001dc                __ctors_end = .
                0x000001dc                __dtors_start = .
 *(.dtors)
                0x000001dc                __dtors_end = .
 SORT(*)(.ctors)
 SORT(*)(.dtors)
 *(.init0)
 .init0         0x000001dc        0x0 C:/Program Files (x86)/Atmel/Studio/7.0/Packs/atmel/ATmega_DFP/1.6.364/gcc/dev/atmega128/avr51/crtatmega128.o
                0x000001dc                __init
 *(.init0)
 *(.init1)
 *(.init1)
 *(.init2)
 .init2         0x000001dc        0xc C:/Program Files (x86)/Atmel/Studio/7.0/Packs/atmel/ATmega_DFP/1.6.364/gcc/dev/atmega128/avr51/crtatmega128.o
 *(.init2)
 *(.init3)
 *(.init3)
 *(.init4)
 .init4         0x000001e8       0x1a c:/program files (x86)/atmel/studio/7.0/toolchain/avr8/avr8-gnu-toolchain/bin/../lib/gcc/avr/5.4.0/avr51\libgcc.a(_copy_data.o)
                0x000001e8                __do_copy_data
 .init4         0x00000202       0x10 c:/program files (x86)/atmel/studio/7.0/toolchain/avr8/avr8-gnu-toolchain/bin/../lib/gcc/avr/5.4.0/avr51\libgcc.a(_clear_bss.o)
                0x00000202                __do_clear_bss
 *(.init4)
 *(.init5)
 *(.init5)
 *(.init6)
 *(.init6)
 *(.init7)
 *(.init7)
 *(.init8)
 *(.init8)
 *(.init9)
 .init9         0x00000212        0x8 C:/Program Files (x86)/Atmel/Studio/7.0/Packs/atmel/ATmega_DFP/1.6.364/gcc/dev/atmega128/avr51/crtatmega128.o
 *(.init9)
 *(.text)
 .text          0x0000021a      0x1ee C:\Users\ZongYo\Documents\Atmel Studio\7.0\test_work\test_work\libc4m.a(std_isr.o)
                0x0000021a                USE_C4MLIB_STD_ISR
                0x0000021c                TIMER0_OVF_vect_routine1
                0x0000022e                TIMER0_COMP_vect_routine1
                0x00000240                TIMER1_OVF_vect_routine1
                0x00000252                TIMER1_COMPA_vect_routine1
                0x00000264                TIMER1_COMPB_vect_routine1
                0x00000266                TIMER1_COMPC_vect_routine1
                0x00000268                TIMER2_OVF_vect_routine1
                0x0000027a                TIMER2_COMP_vect_routine1
                0x0000028c                TIMER3_OVF_vect_routine1
                0x0000029e                TIMER3_COMPA_vect_routine1
                0x000002b0                TIMER3_COMPB_vect_routine1
                0x000002b2                TIMER3_COMPC_vect_routine1
                0x000002b4                INT0_vect_routine1
                0x000002c6                INT1_vect_routine1
                0x000002d8                INT2_vect_routine1
                0x000002ea                INT3_vect_routine1
                0x000002fc                INT4_vect_routine1
                0x0000030e                INT5_vect_routine1
                0x00000320                INT6_vect_routine1
                0x00000332                INT7_vect_routine1
                0x00000344                TWI_vect_routine1
                0x00000356                SPI_STC_vect_routine1
                0x00000376                USART0_TX_vect_routine1
                0x00000396                USART0_RX_vect_routine1
                0x000003b6                USART1_TX_vect_routine1
                0x000003d6                USART1_RX_vect_routine1
                0x000003f6                ADC_vect_routine1
 .text          0x00000408      0x392 C:\Users\ZongYo\Documents\Atmel Studio\7.0\test_work\test_work\libc4m.a(hal_uart.o)
 .text          0x0000079a      0x36e C:\Users\ZongYo\Documents\Atmel Studio\7.0\test_work\test_work\libc4m.a(hal_spi.o)
 .text          0x00000b08      0xaf8 C:\Users\ZongYo\Documents\Atmel Studio\7.0\test_work\test_work\libc4m.a(isr.o)
                0x00000b08                USE_C4MLIB_INTERRUPT
                0x00000b0a                __INT0_vect_routine1
                0x00000b0c                __INT0_vect_routine
                0x00000b0c                INT0_vect_routine
                0x00000b0e                __vector_1
                0x00000b5c                __INT1_vect_routine1
                0x00000b5e                __INT1_vect_routine
                0x00000b5e                INT1_vect_routine
                0x00000b60                __vector_2
                0x00000bae                __INT2_vect_routine1
                0x00000bb0                __INT2_vect_routine
                0x00000bb0                INT2_vect_routine
                0x00000bb2                __vector_3
                0x00000c00                __INT3_vect_routine1
                0x00000c02                __INT3_vect_routine
                0x00000c02                INT3_vect_routine
                0x00000c04                __vector_4
                0x00000c52                __INT4_vect_routine1
                0x00000c54                __INT4_vect_routine
                0x00000c54                INT4_vect_routine
                0x00000c56                __vector_5
                0x00000ca4                __INT5_vect_routine1
                0x00000ca6                INT5_vect_routine
                0x00000ca6                __INT5_vect_routine
                0x00000ca8                __vector_6
                0x00000cf6                __INT6_vect_routine1
                0x00000cf8                __INT6_vect_routine
                0x00000cf8                INT6_vect_routine
                0x00000cfa                __vector_7
                0x00000d48                __INT7_vect_routine1
                0x00000d4a                INT7_vect_routine
                0x00000d4a                __INT7_vect_routine
                0x00000d4c                __vector_8
                0x00000d9a                __TIMER2_COMP_vect_routine1
                0x00000d9c                __TIMER2_COMP_vect_routine
                0x00000d9c                TIMER2_COMP_vect_routine
                0x00000d9e                __vector_9
                0x00000dec                __TIMER2_OVF_vect_routine1
                0x00000dee                TIMER2_OVF_vect_routine
                0x00000dee                __TIMER2_OVF_vect_routine
                0x00000df0                __vector_10
                0x00000e3e                TIMER1_CAPT_vect_routine1
                0x00000e3e                __TIMER1_CAPT_vect_routine1
                0x00000e40                TIMER1_CAPT_vect_routine
                0x00000e40                __TIMER1_CAPT_vect_routine
                0x00000e42                __vector_11
                0x00000e90                __TIMER1_COMPA_vect_routine1
                0x00000e92                TIMER1_COMPA_vect_routine
                0x00000e92                __TIMER1_COMPA_vect_routine
                0x00000e94                __vector_12
                0x00000ee2                __TIMER1_COMPB_vect_routine1
                0x00000ee4                __TIMER1_COMPB_vect_routine
                0x00000ee4                TIMER1_COMPB_vect_routine
                0x00000ee6                __vector_13
                0x00000f34                __TIMER1_OVF_vect_routine1
                0x00000f36                __TIMER1_OVF_vect_routine
                0x00000f38                __vector_14
                0x00000f88                __TIMER0_COMP_vect_routine1
                0x00000f8a                __TIMER0_COMP_vect_routine
                0x00000f8a                TIMER0_COMP_vect_routine
                0x00000f8c                __vector_15
                0x00000fda                __TIMER0_OVF_vect_routine1
                0x00000fdc                TIMER0_OVF_vect_routine
                0x00000fdc                __TIMER0_OVF_vect_routine
                0x00000fde                __vector_16
                0x0000102c                __SPI_STC_vect_routine1
                0x0000102e                __SPI_STC_vect_routine
                0x0000102e                SPI_STC_vect_routine
                0x00001030                __vector_17
                0x0000107e                __USART0_RX_vect_routine1
                0x00001080                USART0_RX_vect_routine
                0x00001080                __USART0_RX_vect_routine
                0x00001082                __vector_18
                0x000010d0                USART0_UDRE_vect_routine1
                0x000010d0                __USART0_UDRE_vect_routine1
                0x000010d2                USART0_UDRE_vect_routine
                0x000010d2                __USART0_UDRE_vect_routine
                0x000010d4                __vector_19
                0x00001122                __USART0_TX_vect_routine1
                0x00001124                __USART0_TX_vect_routine
                0x00001124                USART0_TX_vect_routine
                0x00001126                __vector_20
                0x00001174                __ADC_vect_routine1
                0x00001176                __ADC_vect_routine
                0x00001176                ADC_vect_routine
                0x00001178                __vector_21
                0x000011c6                __EE_READY_vect_routine1
                0x000011c6                EE_READY_vect_routine1
                0x000011c8                EE_READY_vect_routine
                0x000011c8                __EE_READY_vect_routine
                0x000011ca                __vector_22
                0x00001218                __ANALOG_COMP_vect_routine1
                0x00001218                ANALOG_COMP_vect_routine1
                0x0000121a                __ANALOG_COMP_vect_routine
                0x0000121a                ANALOG_COMP_vect_routine
                0x0000121c                __vector_23
                0x0000126a                __TIMER1_COMPC_vect_routine1
                0x0000126c                __TIMER1_COMPC_vect_routine
                0x0000126c                TIMER1_COMPC_vect_routine
                0x00001270                __vector_24
                0x000012be                TIMER3_CAPT_vect_routine1
                0x000012be                __TIMER3_CAPT_vect_routine1
                0x000012c0                TIMER3_CAPT_vect_routine
                0x000012c0                __TIMER3_CAPT_vect_routine
                0x000012c2                __vector_25
                0x00001310                __TIMER3_COMPA_vect_routine1
                0x00001312                TIMER3_COMPA_vect_routine
                0x00001312                __TIMER3_COMPA_vect_routine
                0x00001316                __vector_26
                0x00001364                __TIMER3_COMPB_vect_routine1
                0x00001366                TIMER3_COMPB_vect_routine
                0x00001366                __TIMER3_COMPB_vect_routine
                0x0000136a                __vector_27
                0x000013b8                __TIMER3_COMPC_vect_routine1
                0x000013ba                __TIMER3_COMPC_vect_routine
                0x000013ba                TIMER3_COMPC_vect_routine
                0x000013be                __vector_28
                0x0000140c                __TIMER3_OVF_vect_routine1
                0x0000140e                __TIMER3_OVF_vect_routine
                0x0000140e                TIMER3_OVF_vect_routine
                0x00001412                __vector_29
                0x00001460                __USART1_RX_vect_routine1
                0x00001462                __USART1_RX_vect_routine
                0x00001462                USART1_RX_vect_routine
                0x00001466                __vector_30
                0x000014b4                __USART1_UDRE_vect_routine1
                0x000014b4                USART1_UDRE_vect_routine1
                0x000014b6                __USART1_UDRE_vect_routine
                0x000014b6                USART1_UDRE_vect_routine
                0x000014b8                __vector_31
                0x00001506                __USART1_TX_vect_routine1
                0x00001508                USART1_TX_vect_routine
                0x00001508                __USART1_TX_vect_routine
                0x0000150c                __vector_32
                0x0000155a                __TWI_vect_routine1
                0x0000155c                TWI_vect_routine
                0x0000155c                __TWI_vect_routine
                0x00001560                __vector_33
                0x000015ae                __SPM_READY_vect_routine1
                0x000015ae                SPM_READY_vect_routine1
                0x000015b0                __SPM_READY_vect_routine
                0x000015b0                SPM_READY_vect_routine
                0x000015b2                __vector_34
 .text          0x00001600       0xb0 C:\Users\ZongYo\Documents\Atmel Studio\7.0\test_work\test_work\libc4m.a(hardware_interrupt.o)
                0x00001600                HWInt_step
                0x00001648                HWInt_reg
                0x0000168a                HWInt_en
 .text          0x000016b0      0x1d4 C:\Users\ZongYo\Documents\Atmel Studio\7.0\test_work\test_work\libc4m.a(hal_time.o)
                0x000016b0                HAL_time_init
                0x000016c2                HAL_get_time
                0x000016f0                HAL_get_expired_time_us
                0x0000175c                HAL_get_expired_time_ms
                0x000017b0                HAL_timeout_test
                0x00001800                HAL_delay
                0x0000185c                HAL_tick
 .text          0x00001884       0x80 C:\Users\ZongYo\Documents\Atmel Studio\7.0\test_work\test_work\libc4m.a(asabus.o)
                0x00001884                ASABUS_ID_set
                0x0000189a                ASABUS_ID_init
                0x000018a2                ASABUS_SPI_init
                0x000018be                ASABUS_SPI_swap
                0x000018c8                ASABUS_UART_init
                0x000018e8                ASABUS_UART_transmit
                0x000018f6                ASABUS_UART_receive
                0x00001904                . = ALIGN (0x2)
 *(.text.*)
 .text.Compensator_lay
                0x00001904       0x3c Src/Compensator_2.o
                0x00001904                Compensator_lay
 .text.Compensator_step
                0x00001940      0x17e Src/Compensator_2.o
                0x00001940                Compensator_step
 .text.spi_initial
                0x00001abe       0x52 Src/hardware_init.o
                0x00001abe                spi_initial
 .text.ADC_initial
                0x00001b10       0x38 Src/hardware_init.o
                0x00001b10                ADC_initial
 .text.pwm_1_initial
                0x00001b48       0x5a Src/hardware_init.o
                0x00001b48                pwm_1_initial
 .text.IO_initial
                0x00001ba2        0xa Src/hardware_init.o
                0x00001ba2                IO_initial
 .text.hardware_init
                0x00001bac        0xe Src/hardware_init.o
                0x00001bac                hardware_init
 .text.IFeedBack_lay
                0x00001bba        0xe Src/IFeedBack.o
                0x00001bba                IFeedBack_lay
 .text.IFeedBack_step
                0x00001bc8      0x11c Src/IFeedBack.o
                0x00001bc8                IFeedBack_step
 .text.IntPoPwm_lay
                0x00001ce4       0x10 Src/IntPoPwm.o
                0x00001ce4                IntPoPwm_lay
 .text.IntPoPwm_step
                0x00001cf4      0x2fe Src/IntPoPwm.o
                0x00001cf4                IntPoPwm_step
 .text.LLFeedBack_lay
                0x00001ff2       0x1c Src/LLFeedBack.o
                0x00001ff2                LLFeedBack_lay
 .text.LLFeedBack_step
                0x0000200e       0xe0 Src/LLFeedBack.o
                0x0000200e                LLFeedBack_step
 .text.read_deg
                0x000020ee       0x5a Src/main.o
 .text.get_ADC  0x00002148       0x52 Src/main.o
 .text.MOTO_ON  0x0000219a        0xe Src/main.o
                0x0000219a                MOTO_ON
 .text.MOTO_OFF
                0x000021a8       0x1e Src/main.o
                0x000021a8                MOTO_OFF
 .text.TIMER1_OVF_vect_routine
                0x000021c6       0x40 Src/main.o
                0x000021c6                TIMER1_OVF_vect_routine
 .text.moto_control
                0x00002206      0x244 Src/main.o
                0x00002206                moto_control
 .text.main     0x0000244a      0x3fc Src/main.o
                0x0000244a                main
 .text.MoCmdBuff_lay
                0x00002846       0x24 Src/MoCmdBuff.o
                0x00002846                MoCmdBuff_lay
 .text.MoCmdBuffExec_step_2
                0x0000286a       0xf0 Src/MoCmdBuff.o
                0x0000286a                MoCmdBuffExec_step_2
 .text.Overflower_lay
                0x0000295a       0x36 Src/Overflower.o
                0x0000295a                Overflower_lay
 .text.Overflower_step
                0x00002990       0x88 Src/Overflower.o
                0x00002990                Overflower_step
 .text.RWFirFilter_step
                0x00002a18       0xa6 Src/RWFirFilter.o
                0x00002a18                RWFirFilter_step
 .text.RWFirFilter_lay
                0x00002abe       0x3a Src/RWFirFilter.o
                0x00002abe                RWFirFilter_lay
 .text.SinTable_ini
                0x00002af8       0x1c Src/SinTable.o
                0x00002af8                SinTable_ini
 .text.SinTable
                0x00002b14      0x214 Src/SinTable.o
                0x00002b14                SinTable
 .text.stdio_putchar
                0x00002d28       0x1a Src/uartdevice.o
 .text.stdio_getchar
                0x00002d42        0xa Src/uartdevice.o
 .text.uart_init
                0x00002d4c       0x28 Src/uartdevice.o
                0x00002d4c                uart_init
 .text.avr-libc.fplib
                0x00002d74        0xa c:/program files (x86)/atmel/studio/7.0/toolchain/avr8/avr8-gnu-toolchain/bin/../lib/gcc/avr/5.4.0/../../../../avr/lib/avr51\libm.a(addsf3.o)
                0x00002d74                __subsf3
                0x00002d76                __addsf3
 .text.avr-libc.fplib
                0x00002d7e       0xc0 c:/program files (x86)/atmel/studio/7.0/toolchain/avr8/avr8-gnu-toolchain/bin/../lib/gcc/avr/5.4.0/../../../../avr/lib/avr51\libm.a(addsf3x.o)
                0x00002d98                __addsf3x
 .text.avr-libc.fplib
                0x00002e3e        0xa c:/program files (x86)/atmel/studio/7.0/toolchain/avr8/avr8-gnu-toolchain/bin/../lib/gcc/avr/5.4.0/../../../../avr/lib/avr51\libm.a(fixsfsi.o)
                0x00002e3e                __fixsfsi
 .text.avr-libc.fplib
                0x00002e48       0x58 c:/program files (x86)/atmel/studio/7.0/toolchain/avr8/avr8-gnu-toolchain/bin/../lib/gcc/avr/5.4.0/../../../../avr/lib/avr51\libm.a(fixunssfsi.o)
                0x00002e48                __fixunssfsi
 .text.avr-libc.fplib
                0x00002ea0       0x7a c:/program files (x86)/atmel/studio/7.0/toolchain/avr8/avr8-gnu-toolchain/bin/../lib/gcc/avr/5.4.0/../../../../avr/lib/avr51\libm.a(floatsisf.o)
                0x00002ea0                __floatunsisf
                0x00002ea4                __floatsisf
 .text.avr-libc.fplib
                0x00002f1a        0xc c:/program files (x86)/atmel/studio/7.0/toolchain/avr8/avr8-gnu-toolchain/bin/../lib/gcc/avr/5.4.0/../../../../avr/lib/avr51\libm.a(fp_inf.o)
                0x00002f1a                __fp_inf
 .text.avr-libc.fplib
                0x00002f26        0x6 c:/program files (x86)/atmel/studio/7.0/toolchain/avr8/avr8-gnu-toolchain/bin/../lib/gcc/avr/5.4.0/../../../../avr/lib/avr51\libm.a(fp_nan.o)
                0x00002f26                __fp_nan
 .text.avr-libc.fplib
                0x00002f2c        0xe c:/program files (x86)/atmel/studio/7.0/toolchain/avr8/avr8-gnu-toolchain/bin/../lib/gcc/avr/5.4.0/../../../../avr/lib/avr51\libm.a(fp_pscA.o)
                0x00002f2c                __fp_pscA
 .text.avr-libc.fplib
                0x00002f3a        0xe c:/program files (x86)/atmel/studio/7.0/toolchain/avr8/avr8-gnu-toolchain/bin/../lib/gcc/avr/5.4.0/../../../../avr/lib/avr51\libm.a(fp_pscB.o)
                0x00002f3a                __fp_pscB
 .text.avr-libc.fplib
                0x00002f48       0x22 c:/program files (x86)/atmel/studio/7.0/toolchain/avr8/avr8-gnu-toolchain/bin/../lib/gcc/avr/5.4.0/../../../../avr/lib/avr51\libm.a(fp_round.o)
                0x00002f48                __fp_round
 .text.avr-libc.fplib
                0x00002f6a       0x44 c:/program files (x86)/atmel/studio/7.0/toolchain/avr8/avr8-gnu-toolchain/bin/../lib/gcc/avr/5.4.0/../../../../avr/lib/avr51\libm.a(fp_split3.o)
                0x00002f6a                __fp_split3
                0x00002f7a                __fp_splitA
 .text.avr-libc.fplib
                0x00002fae        0xe c:/program files (x86)/atmel/studio/7.0/toolchain/avr8/avr8-gnu-toolchain/bin/../lib/gcc/avr/5.4.0/../../../../avr/lib/avr51\libm.a(fp_zero.o)
                0x00002fae                __fp_zero
                0x00002fb0                __fp_szero
 .text.avr-libc.fplib
                0x00002fbc        0x4 c:/program files (x86)/atmel/studio/7.0/toolchain/avr8/avr8-gnu-toolchain/bin/../lib/gcc/avr/5.4.0/../../../../avr/lib/avr51\libm.a(mulsf3.o)
                0x00002fbc                __mulsf3
 .text.avr-libc.fplib
                0x00002fc0       0xc2 c:/program files (x86)/atmel/studio/7.0/toolchain/avr8/avr8-gnu-toolchain/bin/../lib/gcc/avr/5.4.0/../../../../avr/lib/avr51\libm.a(mulsf3x.o)
                0x00002fd4                __mulsf3x
                0x00002fd8                __mulsf3_pse
 .text.avr-libc
                0x00003082      0x864 c:/program files (x86)/atmel/studio/7.0/toolchain/avr8/avr8-gnu-toolchain/bin/../lib/gcc/avr/5.4.0/../../../../avr/lib/avr51\libscanf_flt.a(vfscanf_flt.o)
                0x0000367c                vfscanf
 .text.avr-libc
                0x000038e6      0x712 c:/program files (x86)/atmel/studio/7.0/toolchain/avr8/avr8-gnu-toolchain/bin/../lib/gcc/avr/5.4.0/../../../../avr/lib/avr51\libprintf_flt.a(vfprintf_flt.o)
                0x000038e6                vfprintf
 .text.libgcc.mul
                0x00003ff8       0x1e c:/program files (x86)/atmel/studio/7.0/toolchain/avr8/avr8-gnu-toolchain/bin/../lib/gcc/avr/5.4.0/avr51\libgcc.a(_mulsi3.o)
                0x00003ff8                __mulsi3
 .text.libgcc.div
                0x00004016       0x28 c:/program files (x86)/atmel/studio/7.0/toolchain/avr8/avr8-gnu-toolchain/bin/../lib/gcc/avr/5.4.0/avr51\libgcc.a(_udivmodhi4.o)
                0x00004016                __udivmodhi4
 .text.libgcc.div
                0x0000403e       0x44 c:/program files (x86)/atmel/studio/7.0/toolchain/avr8/avr8-gnu-toolchain/bin/../lib/gcc/avr/5.4.0/avr51\libgcc.a(_udivmodsi4.o)
                0x0000403e                __udivmodsi4
 .text.libgcc.mul
                0x00004082        0xc c:/program files (x86)/atmel/studio/7.0/toolchain/avr8/avr8-gnu-toolchain/bin/../lib/gcc/avr/5.4.0/avr51\libgcc.a(_mulhisi3.o)
                0x00004082                __mulhisi3
 .text.libgcc.mul
                0x0000408e       0x1e c:/program files (x86)/atmel/studio/7.0/toolchain/avr8/avr8-gnu-toolchain/bin/../lib/gcc/avr/5.4.0/avr51\libgcc.a(_umulhisi3.o)
                0x0000408e                __umulhisi3
 .text.libgcc.mul
                0x000040ac        0xc c:/program files (x86)/atmel/studio/7.0/toolchain/avr8/avr8-gnu-toolchain/bin/../lib/gcc/avr/5.4.0/avr51\libgcc.a(_usmulhisi3.o)
                0x000040ac                __usmulhisi3
                0x000040ae                __usmulhisi3_tail
 .text.libgcc.mul
                0x000040b8       0x14 c:/program files (x86)/atmel/studio/7.0/toolchain/avr8/avr8-gnu-toolchain/bin/../lib/gcc/avr/5.4.0/avr51\libgcc.a(_muluhisi3.o)
                0x000040b8                __muluhisi3
 .text.libgcc.mul
                0x000040cc        0xc c:/program files (x86)/atmel/studio/7.0/toolchain/avr8/avr8-gnu-toolchain/bin/../lib/gcc/avr/5.4.0/avr51\libgcc.a(_mulshisi3.o)
                0x000040cc                __mulshisi3
                0x000040d0                __mulohisi3
 .text.avr-libc
                0x000040d8      0x1b0 c:/program files (x86)/atmel/studio/7.0/toolchain/avr8/avr8-gnu-toolchain/bin/../lib/gcc/avr/5.4.0/../../../../avr/lib/avr51\libc.a(ftoa_engine.o)
                0x000040d8                __ftoa_engine
 .text.avr-libc
                0x00004288       0x10 c:/program files (x86)/atmel/studio/7.0/toolchain/avr8/avr8-gnu-toolchain/bin/../lib/gcc/avr/5.4.0/../../../../avr/lib/avr51\libc.a(isspace.o)
                0x00004288                isspace
 .text.avr-libc
                0x00004298       0x10 c:/program files (x86)/atmel/studio/7.0/toolchain/avr8/avr8-gnu-toolchain/bin/../lib/gcc/avr/5.4.0/../../../../avr/lib/avr51\libc.a(tolower.o)
                0x00004298                tolower
 .text.avr-libc
                0x000042a8       0x16 c:/program files (x86)/atmel/studio/7.0/toolchain/avr8/avr8-gnu-toolchain/bin/../lib/gcc/avr/5.4.0/../../../../avr/lib/avr51\libc.a(strchr_P.o)
                0x000042a8                strchr_P
 .text.avr-libc
                0x000042be       0x16 c:/program files (x86)/atmel/studio/7.0/toolchain/avr8/avr8-gnu-toolchain/bin/../lib/gcc/avr/5.4.0/../../../../avr/lib/avr51\libc.a(strnlen_P.o)
                0x000042be                strnlen_P
 .text.avr-libc
                0x000042d4       0x16 c:/program files (x86)/atmel/studio/7.0/toolchain/avr8/avr8-gnu-toolchain/bin/../lib/gcc/avr/5.4.0/../../../../avr/lib/avr51\libc.a(strnlen.o)
                0x000042d4                strnlen
 .text.avr-libc
                0x000042ea       0x7c c:/program files (x86)/atmel/studio/7.0/toolchain/avr8/avr8-gnu-toolchain/bin/../lib/gcc/avr/5.4.0/../../../../avr/lib/avr51\libc.a(fgetc.o)
                0x000042ea                fgetc
 .text.avr-libc
                0x00004366       0x78 c:/program files (x86)/atmel/studio/7.0/toolchain/avr8/avr8-gnu-toolchain/bin/../lib/gcc/avr/5.4.0/../../../../avr/lib/avr51\libc.a(fputc.o)
                0x00004366                fputc
 .text.avr-libc
                0x000043de       0x26 c:/program files (x86)/atmel/studio/7.0/toolchain/avr8/avr8-gnu-toolchain/bin/../lib/gcc/avr/5.4.0/../../../../avr/lib/avr51\libc.a(printf.o)
                0x000043de                printf
 .text.avr-libc
                0x00004404       0x60 c:/program files (x86)/atmel/studio/7.0/toolchain/avr8/avr8-gnu-toolchain/bin/../lib/gcc/avr/5.4.0/../../../../avr/lib/avr51\libc.a(puts.o)
                0x00004404                puts
 .text.avr-libc
                0x00004464       0x32 c:/program files (x86)/atmel/studio/7.0/toolchain/avr8/avr8-gnu-toolchain/bin/../lib/gcc/avr/5.4.0/../../../../avr/lib/avr51\libc.a(ungetc.o)
                0x00004464                ungetc
 .text.avr-libc
                0x00004496       0xbc c:/program files (x86)/atmel/studio/7.0/toolchain/avr8/avr8-gnu-toolchain/bin/../lib/gcc/avr/5.4.0/../../../../avr/lib/avr51\libc.a(ultoa_invert.o)
                0x00004496                __ultoa_invert
 .text.avr-libc
                0x00004552        0x6 c:/program files (x86)/atmel/studio/7.0/toolchain/avr8/avr8-gnu-toolchain/bin/../lib/gcc/avr/5.4.0/../../../../avr/lib/avr51\libc.a(cty_isfalse.o)
                0x00004552                __ctype_isfalse
                0x00004556                __ctype_istrue
                0x00004558                . = ALIGN (0x2)
 *(.fini9)
 .fini9         0x00004558        0x0 c:/program files (x86)/atmel/studio/7.0/toolchain/avr8/avr8-gnu-toolchain/bin/../lib/gcc/avr/5.4.0/avr51\libgcc.a(_exit.o)
                0x00004558                _exit
                0x00004558                exit
 *(.fini9)
 *(.fini8)
 *(.fini8)
 *(.fini7)
 *(.fini7)
 *(.fini6)
 *(.fini6)
 *(.fini5)
 *(.fini5)
 *(.fini4)
 *(.fini4)
 *(.fini3)
 *(.fini3)
 *(.fini2)
 *(.fini2)
 *(.fini1)
 *(.fini1)
 *(.fini0)
 .fini0         0x00004558        0x4 c:/program files (x86)/atmel/studio/7.0/toolchain/avr8/avr8-gnu-toolchain/bin/../lib/gcc/avr/5.4.0/avr51\libgcc.a(_exit.o)
 *(.fini0)
                0x0000455c                _etext = .

.data           0x00800100      0x162 load address 0x0000455c
                0x00800100                PROVIDE (__data_start, .)
 *(.data)
 .data          0x00800100       0x20 C:\Users\ZongYo\Documents\Atmel Studio\7.0\test_work\test_work\libc4m.a(hal_uart.o)
                0x00800100                UART1_Inst
                0x00800110                UART0_Inst
 .data          0x00800120       0x20 C:\Users\ZongYo\Documents\Atmel Studio\7.0\test_work\test_work\libc4m.a(hal_spi.o)
                0x00800120                SPI_SlaveInst
                0x0080012b                SPI_MasterInst
 *(.data*)
 .data.IFeedBack_str
                0x00800140       0x1c Src/IFeedBack.o
                0x00800140                IFeedBack_str
 .data.IntPoPwm_Table_p
                0x0080015c       0x24 Src/IntPoPwm.o
                0x0080015c                IntPoPwm_Table_p
 .data.LLFeedBack_str
                0x00800180       0x20 Src/LLFeedBack.o
                0x00800180                LLFeedBack_str
 .data.MoCmdBuff_str
                0x008001a0       0x32 Src/MoCmdBuff.o
                0x008001a0                MoCmdBuff_str
 .data.Overflower_str
                0x008001d2       0x14 Src/Overflower.o
                0x008001d2                Overflower_str
 .data.RWFirFilter_str
                0x008001e6       0x15 Src/RWFirFilter.o
                0x008001e6                RWFirFilter_str
 .data.STDIO_BUFFER
                0x008001fb        0xe Src/uartdevice.o
 *(.gnu.linkonce.d*)
 *(.rodata)
 *(.rodata*)
 .rodata.str1.1
                0x00800209       0x59 Src/main.o
                                 0x62 (size before relaxing)
 *(.gnu.linkonce.r*)
                0x00800262                . = ALIGN (0x2)
                0x00800262                _edata = .
                0x00800262                PROVIDE (__data_end, .)

.bss            0x00800262       0xd0
                0x00800262                PROVIDE (__bss_start, .)
 *(.bss)
 .bss           0x00800262        0x2 C:\Users\ZongYo\Documents\Atmel Studio\7.0\test_work\test_work\libc4m.a(hal_uart.o)
 *(.bss*)
 .bss.Compensator_str
                0x00800264       0x21 Src/Compensator_2.o
                0x00800264                Compensator_str
 .bss.Compensator_Alpha_p
                0x00800285        0xa Src/Compensator_2.o
                0x00800285                Compensator_Alpha_p
 .bss.Compensator_Omega_p
                0x0080028f        0xa Src/Compensator_2.o
                0x0080028f                Compensator_Omega_p
 .bss.Compensator_Sin_p
                0x00800299        0xa Src/Compensator_2.o
                0x00800299                Compensator_Sin_p
 .bss.Compensator_Amp_p
                0x008002a3        0xa Src/Compensator_2.o
                0x008002a3                Compensator_Amp_p
 .bss.IntPoPwm_str
                0x008002ad       0x14 Src/IntPoPwm.o
                0x008002ad                IntPoPwm_str
 .bss.IntPoPwm_NextTask_p
                0x008002c1        0x1 Src/IntPoPwm.o
                0x008002c1                IntPoPwm_NextTask_p
 .bss.IntPoPwm_PwmOut_p
                0x008002c2        0x6 Src/IntPoPwm.o
                0x008002c2                IntPoPwm_PwmOut_p
 .bss.last_pin.2323
                0x008002c8        0x1 Src/main.o
 .bss.encoderCount
                0x008002c9        0x2 Src/main.o
                0x008002c9                encoderCount
 .bss.error_code
                0x008002cb        0x1 Src/main.o
                0x008002cb                error_code
 .bss.current   0x008002cc        0x6 Src/main.o
                0x008002cc                current
 .bss.task_finish
                0x008002d2        0x1 Src/main.o
                0x008002d2                task_finish
 .bss.pipline_triger
                0x008002d3        0x1 Src/main.o
                0x008002d3                pipline_triger
 .bss.sys_clk   0x008002d4        0x2 Src/main.o
                0x008002d4                sys_clk
 .bss.sys_tick  0x008002d6        0x2 Src/main.o
                0x008002d6                sys_tick
 .bss.MoCmd_NextTask_p
                0x008002d8        0xa Src/MoCmdBuff.o
                0x008002d8                MoCmd_NextTask_p
 .bss.OverFlowerNextTask_p
                0x008002e2        0x1 Src/Overflower.o
                0x008002e2                OverFlowerNextTask_p
 .bss.RWFir_NextTask_p
                0x008002e3        0x1 Src/RWFirFilter.o
                0x008002e3                RWFir_NextTask_p
 .bss.RWFirFilter_Buffer_p
                0x008002e4       0x10 Src/RWFirFilter.o
                0x008002e4                RWFirFilter_Buffer_p
 .bss.SinTable_str
                0x008002f4        0x6 Src/SinTable.o
                0x008002f4                SinTable_str
 *(COMMON)
 COMMON         0x008002fa       0x10 C:\Users\ZongYo\Documents\Atmel Studio\7.0\test_work\test_work\libc4m.a(ext_imp.o)
                0x008002fa                ExtIntStrList_p
 COMMON         0x0080030a        0x8 C:\Users\ZongYo\Documents\Atmel Studio\7.0\test_work\test_work\libc4m.a(pwm_imp.o)
                0x0080030a                PwmIntStrList_p
 COMMON         0x00800312        0x2 C:\Users\ZongYo\Documents\Atmel Studio\7.0\test_work\test_work\libc4m.a(twi_imp.o)
                0x00800312                TwiIntStrList_p
 COMMON         0x00800314        0x8 C:\Users\ZongYo\Documents\Atmel Studio\7.0\test_work\test_work\libc4m.a(uart_imp.o)
                0x00800314                UartRxIntStrList_p
                0x00800318                UartTxIntStrList_p
 COMMON         0x0080031c        0x2 C:\Users\ZongYo\Documents\Atmel Studio\7.0\test_work\test_work\libc4m.a(spi_imp.o)
                0x0080031c                SpiIntStrList_p
 COMMON         0x0080031e        0x8 C:\Users\ZongYo\Documents\Atmel Studio\7.0\test_work\test_work\libc4m.a(tim_imp.o)
                0x0080031e                TimIntStrList_p
 COMMON         0x00800326        0x2 C:\Users\ZongYo\Documents\Atmel Studio\7.0\test_work\test_work\libc4m.a(adc_imp.o)
                0x00800326                AdcIntStrList_p
 COMMON         0x00800328        0x4 C:\Users\ZongYo\Documents\Atmel Studio\7.0\test_work\test_work\libc4m.a(hal_time.o)
                0x00800328                HAL_time_global
 COMMON         0x0080032c        0x6 c:/program files (x86)/atmel/studio/7.0/toolchain/avr8/avr8-gnu-toolchain/bin/../lib/gcc/avr/5.4.0/../../../../avr/lib/avr51\libc.a(iob.o)
                0x0080032c                __iob
                0x00800332                PROVIDE (__bss_end, .)
                0x0000455c                __data_load_start = LOADADDR (.data)
                0x000046be                __data_load_end = (__data_load_start + SIZEOF (.data))

.noinit         0x00800332        0x0
                [!provide]                PROVIDE (__noinit_start, .)
 *(.noinit*)
                [!provide]                PROVIDE (__noinit_end, .)
                0x00800332                _end = .
                [!provide]                PROVIDE (__heap_start, .)

.eeprom         0x00810000        0x0
 *(.eeprom*)
                0x00810000                __eeprom_end = .

.fuse
 *(.fuse)
 *(.lfuse)
 *(.hfuse)
 *(.efuse)

.lock
 *(.lock*)

.signature
 *(.signature*)

.user_signatures
 *(.user_signatures*)

.stab
 *(.stab)

.stabstr
 *(.stabstr)

.stab.excl
 *(.stab.excl)

.stab.exclstr
 *(.stab.exclstr)

.stab.index
 *(.stab.index)

.stab.indexstr
 *(.stab.indexstr)

.comment        0x00000000       0x6d
 *(.comment)
 .comment       0x00000000       0x30 Src/Compensator_2.o
                                 0x31 (size before relaxing)
 .comment       0x00000030       0x31 Src/hardware_init.o
 .comment       0x00000030       0x31 Src/IFeedBack.o
 .comment       0x00000030       0x31 Src/IntPoPwm.o
 .comment       0x00000030       0x31 Src/LLFeedBack.o
 .comment       0x00000030       0x31 Src/main.o
 .comment       0x00000030       0x31 Src/MoCmdBuff.o
 .comment       0x00000030       0x31 Src/Overflower.o
 .comment       0x00000030       0x31 Src/RWFirFilter.o
 .comment       0x00000030       0x31 Src/SinTable.o
 .comment       0x00000030       0x31 Src/uartdevice.o
 .comment       0x00000030       0x2c c:/program files (x86)/atmel/studio/7.0/toolchain/avr8/avr8-gnu-toolchain/bin/../lib/gcc/avr/5.4.0/../../../../avr/lib/avr51\libscanf_flt.a(vfscanf_flt.o)
                                 0x2d (size before relaxing)
 .comment       0x0000005c       0x11 C:\Users\ZongYo\Documents\Atmel Studio\7.0\test_work\test_work\libc4m.a(std_isr.o)
                                 0x12 (size before relaxing)
 .comment       0x0000006d       0x12 C:\Users\ZongYo\Documents\Atmel Studio\7.0\test_work\test_work\libc4m.a(hal_uart.o)
 .comment       0x0000006d       0x12 C:\Users\ZongYo\Documents\Atmel Studio\7.0\test_work\test_work\libc4m.a(hal_spi.o)
 .comment       0x0000006d       0x12 C:\Users\ZongYo\Documents\Atmel Studio\7.0\test_work\test_work\libc4m.a(isr.o)
 .comment       0x0000006d       0x12 C:\Users\ZongYo\Documents\Atmel Studio\7.0\test_work\test_work\libc4m.a(ext_imp.o)
 .comment       0x0000006d       0x12 C:\Users\ZongYo\Documents\Atmel Studio\7.0\test_work\test_work\libc4m.a(pwm_imp.o)
 .comment       0x0000006d       0x12 C:\Users\ZongYo\Documents\Atmel Studio\7.0\test_work\test_work\libc4m.a(twi_imp.o)
 .comment       0x0000006d       0x12 C:\Users\ZongYo\Documents\Atmel Studio\7.0\test_work\test_work\libc4m.a(uart_imp.o)
 .comment       0x0000006d       0x12 C:\Users\ZongYo\Documents\Atmel Studio\7.0\test_work\test_work\libc4m.a(spi_imp.o)
 .comment       0x0000006d       0x12 C:\Users\ZongYo\Documents\Atmel Studio\7.0\test_work\test_work\libc4m.a(tim_imp.o)
 .comment       0x0000006d       0x12 C:\Users\ZongYo\Documents\Atmel Studio\7.0\test_work\test_work\libc4m.a(adc_imp.o)
 .comment       0x0000006d       0x12 C:\Users\ZongYo\Documents\Atmel Studio\7.0\test_work\test_work\libc4m.a(hardware_interrupt.o)
 .comment       0x0000006d       0x12 C:\Users\ZongYo\Documents\Atmel Studio\7.0\test_work\test_work\libc4m.a(hal_time.o)
 .comment       0x0000006d       0x12 C:\Users\ZongYo\Documents\Atmel Studio\7.0\test_work\test_work\libc4m.a(asabus.o)
 .comment       0x0000006d       0x2d c:/program files (x86)/atmel/studio/7.0/toolchain/avr8/avr8-gnu-toolchain/bin/../lib/gcc/avr/5.4.0/../../../../avr/lib/avr51\libprintf_flt.a(vfprintf_flt.o)
 .comment       0x0000006d       0x31 c:/program files (x86)/atmel/studio/7.0/toolchain/avr8/avr8-gnu-toolchain/bin/../lib/gcc/avr/5.4.0/../../../../avr/lib/avr51\libc.a(fgetc.o)
 .comment       0x0000006d       0x31 c:/program files (x86)/atmel/studio/7.0/toolchain/avr8/avr8-gnu-toolchain/bin/../lib/gcc/avr/5.4.0/../../../../avr/lib/avr51\libc.a(fputc.o)
 .comment       0x0000006d       0x31 c:/program files (x86)/atmel/studio/7.0/toolchain/avr8/avr8-gnu-toolchain/bin/../lib/gcc/avr/5.4.0/../../../../avr/lib/avr51\libc.a(iob.o)
 .comment       0x0000006d       0x31 c:/program files (x86)/atmel/studio/7.0/toolchain/avr8/avr8-gnu-toolchain/bin/../lib/gcc/avr/5.4.0/../../../../avr/lib/avr51\libc.a(printf.o)
 .comment       0x0000006d       0x31 c:/program files (x86)/atmel/studio/7.0/toolchain/avr8/avr8-gnu-toolchain/bin/../lib/gcc/avr/5.4.0/../../../../avr/lib/avr51\libc.a(puts.o)
 .comment       0x0000006d       0x31 c:/program files (x86)/atmel/studio/7.0/toolchain/avr8/avr8-gnu-toolchain/bin/../lib/gcc/avr/5.4.0/../../../../avr/lib/avr51\libc.a(ungetc.o)

.note.gnu.avr.deviceinfo
                0x00000000       0x3c
 .note.gnu.avr.deviceinfo
                0x00000000       0x3c C:/Program Files (x86)/Atmel/Studio/7.0/Packs/atmel/ATmega_DFP/1.6.364/gcc/dev/atmega128/avr51/crtatmega128.o

.note.gnu.build-id
 *(.note.gnu.build-id)

.debug
 *(.debug)

.line
 *(.line)

.debug_srcinfo
 *(.debug_srcinfo)

.debug_sfnames
 *(.debug_sfnames)

.debug_aranges  0x00000000      0x3a0
 *(.debug_aranges)
 .debug_aranges
                0x00000000       0x28 Src/Compensator_2.o
 .debug_aranges
                0x00000028       0x40 Src/hardware_init.o
 .debug_aranges
                0x00000068       0x28 Src/IFeedBack.o
 .debug_aranges
                0x00000090       0x28 Src/IntPoPwm.o
 .debug_aranges
                0x000000b8       0x28 Src/LLFeedBack.o
 .debug_aranges
                0x000000e0       0x50 Src/main.o
 .debug_aranges
                0x00000130       0x40 Src/MoCmdBuff.o
 .debug_aranges
                0x00000170       0x28 Src/Overflower.o
 .debug_aranges
                0x00000198       0x28 Src/RWFirFilter.o
 .debug_aranges
                0x000001c0       0x28 Src/SinTable.o
 .debug_aranges
                0x000001e8       0x30 Src/uartdevice.o
 .debug_aranges
                0x00000218       0x20 C:\Users\ZongYo\Documents\Atmel Studio\7.0\test_work\test_work\libc4m.a(std_isr.o)
 .debug_aranges
                0x00000238       0x20 C:\Users\ZongYo\Documents\Atmel Studio\7.0\test_work\test_work\libc4m.a(hal_uart.o)
 .debug_aranges
                0x00000258       0x20 C:\Users\ZongYo\Documents\Atmel Studio\7.0\test_work\test_work\libc4m.a(hal_spi.o)
 .debug_aranges
                0x00000278       0x20 C:\Users\ZongYo\Documents\Atmel Studio\7.0\test_work\test_work\libc4m.a(isr.o)
 .debug_aranges
                0x00000298       0x18 C:\Users\ZongYo\Documents\Atmel Studio\7.0\test_work\test_work\libc4m.a(ext_imp.o)
 .debug_aranges
                0x000002b0       0x18 C:\Users\ZongYo\Documents\Atmel Studio\7.0\test_work\test_work\libc4m.a(pwm_imp.o)
 .debug_aranges
                0x000002c8       0x18 C:\Users\ZongYo\Documents\Atmel Studio\7.0\test_work\test_work\libc4m.a(twi_imp.o)
 .debug_aranges
                0x000002e0       0x18 C:\Users\ZongYo\Documents\Atmel Studio\7.0\test_work\test_work\libc4m.a(uart_imp.o)
 .debug_aranges
                0x000002f8       0x18 C:\Users\ZongYo\Documents\Atmel Studio\7.0\test_work\test_work\libc4m.a(spi_imp.o)
 .debug_aranges
                0x00000310       0x18 C:\Users\ZongYo\Documents\Atmel Studio\7.0\test_work\test_work\libc4m.a(tim_imp.o)
 .debug_aranges
                0x00000328       0x18 C:\Users\ZongYo\Documents\Atmel Studio\7.0\test_work\test_work\libc4m.a(adc_imp.o)
 .debug_aranges
                0x00000340       0x20 C:\Users\ZongYo\Documents\Atmel Studio\7.0\test_work\test_work\libc4m.a(hardware_interrupt.o)
 .debug_aranges
                0x00000360       0x20 C:\Users\ZongYo\Documents\Atmel Studio\7.0\test_work\test_work\libc4m.a(hal_time.o)
 .debug_aranges
                0x00000380       0x20 C:\Users\ZongYo\Documents\Atmel Studio\7.0\test_work\test_work\libc4m.a(asabus.o)

.debug_pubnames
 *(.debug_pubnames)

.debug_info     0x00000000     0x6650
 *(.debug_info .gnu.linkonce.wi.*)
 .debug_info    0x00000000      0x780 C:/Program Files (x86)/Atmel/Studio/7.0/Packs/atmel/ATmega_DFP/1.6.364/gcc/dev/atmega128/avr51/crtatmega128.o
 .debug_info    0x00000780      0x3f1 Src/Compensator_2.o
 .debug_info    0x00000b71      0x12c Src/hardware_init.o
 .debug_info    0x00000c9d      0x1fe Src/IFeedBack.o
 .debug_info    0x00000e9b      0x357 Src/IntPoPwm.o
 .debug_info    0x000011f2      0x246 Src/LLFeedBack.o
 .debug_info    0x00001438      0xfef Src/main.o
 .debug_info    0x00002427      0x3f7 Src/MoCmdBuff.o
 .debug_info    0x0000281e      0x22b Src/Overflower.o
 .debug_info    0x00002a49      0x28d Src/RWFirFilter.o
 .debug_info    0x00002cd6      0x1a6 Src/SinTable.o
 .debug_info    0x00002e7c      0x22c Src/uartdevice.o
 .debug_info    0x000030a8      0x876 C:\Users\ZongYo\Documents\Atmel Studio\7.0\test_work\test_work\libc4m.a(std_isr.o)
 .debug_info    0x0000391e      0x7a7 C:\Users\ZongYo\Documents\Atmel Studio\7.0\test_work\test_work\libc4m.a(hal_uart.o)
 .debug_info    0x000040c5      0x7fc C:\Users\ZongYo\Documents\Atmel Studio\7.0\test_work\test_work\libc4m.a(hal_spi.o)
 .debug_info    0x000048c1      0xaa6 C:\Users\ZongYo\Documents\Atmel Studio\7.0\test_work\test_work\libc4m.a(isr.o)
 .debug_info    0x00005367      0x14a C:\Users\ZongYo\Documents\Atmel Studio\7.0\test_work\test_work\libc4m.a(ext_imp.o)
 .debug_info    0x000054b1      0x14a C:\Users\ZongYo\Documents\Atmel Studio\7.0\test_work\test_work\libc4m.a(pwm_imp.o)
 .debug_info    0x000055fb      0x14a C:\Users\ZongYo\Documents\Atmel Studio\7.0\test_work\test_work\libc4m.a(twi_imp.o)
 .debug_info    0x00005745      0x166 C:\Users\ZongYo\Documents\Atmel Studio\7.0\test_work\test_work\libc4m.a(uart_imp.o)
 .debug_info    0x000058ab      0x14a C:\Users\ZongYo\Documents\Atmel Studio\7.0\test_work\test_work\libc4m.a(spi_imp.o)
 .debug_info    0x000059f5      0x14a C:\Users\ZongYo\Documents\Atmel Studio\7.0\test_work\test_work\libc4m.a(tim_imp.o)
 .debug_info    0x00005b3f      0x14a C:\Users\ZongYo\Documents\Atmel Studio\7.0\test_work\test_work\libc4m.a(adc_imp.o)
 .debug_info    0x00005c89      0x353 C:\Users\ZongYo\Documents\Atmel Studio\7.0\test_work\test_work\libc4m.a(hardware_interrupt.o)
 .debug_info    0x00005fdc      0x234 C:\Users\ZongYo\Documents\Atmel Studio\7.0\test_work\test_work\libc4m.a(hal_time.o)
 .debug_info    0x00006210      0x440 C:\Users\ZongYo\Documents\Atmel Studio\7.0\test_work\test_work\libc4m.a(asabus.o)

.debug_abbrev   0x00000000     0x2486
 *(.debug_abbrev)
 .debug_abbrev  0x00000000      0x718 C:/Program Files (x86)/Atmel/Studio/7.0/Packs/atmel/ATmega_DFP/1.6.364/gcc/dev/atmega128/avr51/crtatmega128.o
 .debug_abbrev  0x00000718      0x138 Src/Compensator_2.o
 .debug_abbrev  0x00000850       0x88 Src/hardware_init.o
 .debug_abbrev  0x000008d8       0xe2 Src/IFeedBack.o
 .debug_abbrev  0x000009ba      0x119 Src/IntPoPwm.o
 .debug_abbrev  0x00000ad3       0xe2 Src/LLFeedBack.o
 .debug_abbrev  0x00000bb5      0x25b Src/main.o
 .debug_abbrev  0x00000e10      0x11f Src/MoCmdBuff.o
 .debug_abbrev  0x00000f2f       0xf4 Src/Overflower.o
 .debug_abbrev  0x00001023      0x123 Src/RWFirFilter.o
 .debug_abbrev  0x00001146      0x101 Src/SinTable.o
 .debug_abbrev  0x00001247      0x173 Src/uartdevice.o
 .debug_abbrev  0x000013ba      0x19e C:\Users\ZongYo\Documents\Atmel Studio\7.0\test_work\test_work\libc4m.a(std_isr.o)
 .debug_abbrev  0x00001558      0x2e0 C:\Users\ZongYo\Documents\Atmel Studio\7.0\test_work\test_work\libc4m.a(hal_uart.o)
 .debug_abbrev  0x00001838      0x22e C:\Users\ZongYo\Documents\Atmel Studio\7.0\test_work\test_work\libc4m.a(hal_spi.o)
 .debug_abbrev  0x00001a66       0xea C:\Users\ZongYo\Documents\Atmel Studio\7.0\test_work\test_work\libc4m.a(isr.o)
 .debug_abbrev  0x00001b50       0xb0 C:\Users\ZongYo\Documents\Atmel Studio\7.0\test_work\test_work\libc4m.a(ext_imp.o)
 .debug_abbrev  0x00001c00       0xb0 C:\Users\ZongYo\Documents\Atmel Studio\7.0\test_work\test_work\libc4m.a(pwm_imp.o)
 .debug_abbrev  0x00001cb0       0xb0 C:\Users\ZongYo\Documents\Atmel Studio\7.0\test_work\test_work\libc4m.a(twi_imp.o)
 .debug_abbrev  0x00001d60       0xb0 C:\Users\ZongYo\Documents\Atmel Studio\7.0\test_work\test_work\libc4m.a(uart_imp.o)
 .debug_abbrev  0x00001e10       0xb0 C:\Users\ZongYo\Documents\Atmel Studio\7.0\test_work\test_work\libc4m.a(spi_imp.o)
 .debug_abbrev  0x00001ec0       0xb0 C:\Users\ZongYo\Documents\Atmel Studio\7.0\test_work\test_work\libc4m.a(tim_imp.o)
 .debug_abbrev  0x00001f70       0xb0 C:\Users\ZongYo\Documents\Atmel Studio\7.0\test_work\test_work\libc4m.a(adc_imp.o)
 .debug_abbrev  0x00002020      0x1a3 C:\Users\ZongYo\Documents\Atmel Studio\7.0\test_work\test_work\libc4m.a(hardware_interrupt.o)
 .debug_abbrev  0x000021c3      0x160 C:\Users\ZongYo\Documents\Atmel Studio\7.0\test_work\test_work\libc4m.a(hal_time.o)
 .debug_abbrev  0x00002323      0x163 C:\Users\ZongYo\Documents\Atmel Studio\7.0\test_work\test_work\libc4m.a(asabus.o)

.debug_line     0x00000000     0x448e
 *(.debug_line .debug_line.* .debug_line_end)
 .debug_line    0x00000000      0x16a C:/Program Files (x86)/Atmel/Studio/7.0/Packs/atmel/ATmega_DFP/1.6.364/gcc/dev/atmega128/avr51/crtatmega128.o
 .debug_line    0x0000016a      0x187 Src/Compensator_2.o
 .debug_line    0x000002f1      0x1f8 Src/hardware_init.o
 .debug_line    0x000004e9      0x11d Src/IFeedBack.o
 .debug_line    0x00000606      0x179 Src/IntPoPwm.o
 .debug_line    0x0000077f      0x13d Src/LLFeedBack.o
 .debug_line    0x000008bc      0x75d Src/main.o
 .debug_line    0x00001019      0x24d Src/MoCmdBuff.o
 .debug_line    0x00001266      0x131 Src/Overflower.o
 .debug_line    0x00001397      0x141 Src/RWFirFilter.o
 .debug_line    0x000014d8      0x177 Src/SinTable.o
 .debug_line    0x0000164f      0x130 Src/uartdevice.o
 .debug_line    0x0000177f      0x721 C:\Users\ZongYo\Documents\Atmel Studio\7.0\test_work\test_work\libc4m.a(std_isr.o)
 .debug_line    0x00001ea0      0x9be C:\Users\ZongYo\Documents\Atmel Studio\7.0\test_work\test_work\libc4m.a(hal_uart.o)
 .debug_line    0x0000285e      0x83d C:\Users\ZongYo\Documents\Atmel Studio\7.0\test_work\test_work\libc4m.a(hal_spi.o)
 .debug_line    0x0000309b      0x5eb C:\Users\ZongYo\Documents\Atmel Studio\7.0\test_work\test_work\libc4m.a(isr.o)
 .debug_line    0x00003686       0xe5 C:\Users\ZongYo\Documents\Atmel Studio\7.0\test_work\test_work\libc4m.a(ext_imp.o)
 .debug_line    0x0000376b       0xe5 C:\Users\ZongYo\Documents\Atmel Studio\7.0\test_work\test_work\libc4m.a(pwm_imp.o)
 .debug_line    0x00003850       0xe5 C:\Users\ZongYo\Documents\Atmel Studio\7.0\test_work\test_work\libc4m.a(twi_imp.o)
 .debug_line    0x00003935       0xe7 C:\Users\ZongYo\Documents\Atmel Studio\7.0\test_work\test_work\libc4m.a(uart_imp.o)
 .debug_line    0x00003a1c       0xe5 C:\Users\ZongYo\Documents\Atmel Studio\7.0\test_work\test_work\libc4m.a(spi_imp.o)
 .debug_line    0x00003b01       0xe5 C:\Users\ZongYo\Documents\Atmel Studio\7.0\test_work\test_work\libc4m.a(tim_imp.o)
 .debug_line    0x00003be6       0xe5 C:\Users\ZongYo\Documents\Atmel Studio\7.0\test_work\test_work\libc4m.a(adc_imp.o)
 .debug_line    0x00003ccb      0x2ca C:\Users\ZongYo\Documents\Atmel Studio\7.0\test_work\test_work\libc4m.a(hardware_interrupt.o)
 .debug_line    0x00003f95      0x25b C:\Users\ZongYo\Documents\Atmel Studio\7.0\test_work\test_work\libc4m.a(hal_time.o)
 .debug_line    0x000041f0      0x29e C:\Users\ZongYo\Documents\Atmel Studio\7.0\test_work\test_work\libc4m.a(asabus.o)

.debug_frame    0x00000000     0x1bd4
 *(.debug_frame)
 .debug_frame   0x00000000       0x80 Src/Compensator_2.o
 .debug_frame   0x00000080       0x64 Src/hardware_init.o
 .debug_frame   0x000000e4       0x5c Src/IFeedBack.o
 .debug_frame   0x00000140       0x94 Src/IntPoPwm.o
 .debug_frame   0x000001d4       0x54 Src/LLFeedBack.o
 .debug_frame   0x00000228      0x114 Src/main.o
 .debug_frame   0x0000033c       0x84 Src/MoCmdBuff.o
 .debug_frame   0x000003c0       0x34 Src/Overflower.o
 .debug_frame   0x000003f4       0x58 Src/RWFirFilter.o
 .debug_frame   0x0000044c       0x90 Src/SinTable.o
 .debug_frame   0x000004dc       0x4c Src/uartdevice.o
 .debug_frame   0x00000528      0x1d4 C:\Users\ZongYo\Documents\Atmel Studio\7.0\test_work\test_work\libc4m.a(std_isr.o)
 .debug_frame   0x000006fc      0x16c C:\Users\ZongYo\Documents\Atmel Studio\7.0\test_work\test_work\libc4m.a(hal_uart.o)
 .debug_frame   0x00000868      0x170 C:\Users\ZongYo\Documents\Atmel Studio\7.0\test_work\test_work\libc4m.a(hal_spi.o)
 .debug_frame   0x000009d8     0x1014 C:\Users\ZongYo\Documents\Atmel Studio\7.0\test_work\test_work\libc4m.a(isr.o)
 .debug_frame   0x000019ec       0x64 C:\Users\ZongYo\Documents\Atmel Studio\7.0\test_work\test_work\libc4m.a(hardware_interrupt.o)
 .debug_frame   0x00001a50      0x100 C:\Users\ZongYo\Documents\Atmel Studio\7.0\test_work\test_work\libc4m.a(hal_time.o)
 .debug_frame   0x00001b50       0x84 C:\Users\ZongYo\Documents\Atmel Studio\7.0\test_work\test_work\libc4m.a(asabus.o)

.debug_str      0x00000000     0x1cc0
 *(.debug_str)
 .debug_str     0x00000000      0x27d C:/Program Files (x86)/Atmel/Studio/7.0/Packs/atmel/ATmega_DFP/1.6.364/gcc/dev/atmega128/avr51/crtatmega128.o
 .debug_str     0x0000027d      0x2d6 Src/Compensator_2.o
                                0x359 (size before relaxing)
 .debug_str     0x00000553       0x60 Src/hardware_init.o
                                0x1d6 (size before relaxing)
 .debug_str     0x000005b3       0xe0 Src/IFeedBack.o
                                0x26e (size before relaxing)
 .debug_str     0x00000693       0xec Src/IntPoPwm.o
                                0x2d5 (size before relaxing)
 .debug_str     0x0000077f       0xc4 Src/LLFeedBack.o
                                0x29a (size before relaxing)
 .debug_str     0x00000843      0x395 Src/main.o
                                0x8db (size before relaxing)
 .debug_str     0x00000bd8       0x73 Src/MoCmdBuff.o
                                0x35d (size before relaxing)
 .debug_str     0x00000c4b       0x23 Src/Overflower.o
                                0x270 (size before relaxing)
 .debug_str     0x00000c6e       0x25 Src/RWFirFilter.o
                                0x281 (size before relaxing)
 .debug_str     0x00000c93       0x2e Src/SinTable.o
                                0x1fc (size before relaxing)
 .debug_str     0x00000cc1       0x7b Src/uartdevice.o
                                0x1f2 (size before relaxing)
 .debug_str     0x00000d3c      0x26c C:\Users\ZongYo\Documents\Atmel Studio\7.0\test_work\test_work\libc4m.a(std_isr.o)
                                0x5b9 (size before relaxing)
 .debug_str     0x00000fa8      0x163 C:\Users\ZongYo\Documents\Atmel Studio\7.0\test_work\test_work\libc4m.a(hal_uart.o)
                                0x338 (size before relaxing)
 .debug_str     0x0000110b      0x148 C:\Users\ZongYo\Documents\Atmel Studio\7.0\test_work\test_work\libc4m.a(hal_spi.o)
                                0x3eb (size before relaxing)
 .debug_str     0x00001253      0x84e C:\Users\ZongYo\Documents\Atmel Studio\7.0\test_work\test_work\libc4m.a(isr.o)
                                0x972 (size before relaxing)
 .debug_str     0x00001aa1       0x3a C:\Users\ZongYo\Documents\Atmel Studio\7.0\test_work\test_work\libc4m.a(ext_imp.o)
                                0x192 (size before relaxing)
 .debug_str     0x00001adb        0xe C:\Users\ZongYo\Documents\Atmel Studio\7.0\test_work\test_work\libc4m.a(pwm_imp.o)
                                0x192 (size before relaxing)
 .debug_str     0x00001ae9        0xe C:\Users\ZongYo\Documents\Atmel Studio\7.0\test_work\test_work\libc4m.a(twi_imp.o)
                                0x192 (size before relaxing)
 .debug_str     0x00001af7        0xf C:\Users\ZongYo\Documents\Atmel Studio\7.0\test_work\test_work\libc4m.a(uart_imp.o)
                                0x1a9 (size before relaxing)
 .debug_str     0x00001b06        0xe C:\Users\ZongYo\Documents\Atmel Studio\7.0\test_work\test_work\libc4m.a(spi_imp.o)
                                0x192 (size before relaxing)
 .debug_str     0x00001b14        0xe C:\Users\ZongYo\Documents\Atmel Studio\7.0\test_work\test_work\libc4m.a(tim_imp.o)
                                0x192 (size before relaxing)
 .debug_str     0x00001b22        0xe C:\Users\ZongYo\Documents\Atmel Studio\7.0\test_work\test_work\libc4m.a(adc_imp.o)
                                0x192 (size before relaxing)
 .debug_str     0x00001b30       0x45 C:\Users\ZongYo\Documents\Atmel Studio\7.0\test_work\test_work\libc4m.a(hardware_interrupt.o)
                                0x1fa (size before relaxing)
 .debug_str     0x00001b75       0xb7 C:\Users\ZongYo\Documents\Atmel Studio\7.0\test_work\test_work\libc4m.a(hal_time.o)
                                0x208 (size before relaxing)
 .debug_str     0x00001c2c       0x94 C:\Users\ZongYo\Documents\Atmel Studio\7.0\test_work\test_work\libc4m.a(asabus.o)
                                0x2dc (size before relaxing)

.debug_loc      0x00000000     0x40e6
 *(.debug_loc)
 .debug_loc     0x00000000      0x222 Src/Compensator_2.o
 .debug_loc     0x00000222      0x12c Src/IFeedBack.o
 .debug_loc     0x0000034e      0x2e2 Src/IntPoPwm.o
 .debug_loc     0x00000630      0x10f Src/LLFeedBack.o
 .debug_loc     0x0000073f      0x5cc Src/main.o
 .debug_loc     0x00000d0b      0x21c Src/MoCmdBuff.o
 .debug_loc     0x00000f27       0x9c Src/Overflower.o
 .debug_loc     0x00000fc3      0x178 Src/RWFirFilter.o
 .debug_loc     0x0000113b      0x236 Src/SinTable.o
 .debug_loc     0x00001371       0x98 Src/uartdevice.o
 .debug_loc     0x00001409      0x89c C:\Users\ZongYo\Documents\Atmel Studio\7.0\test_work\test_work\libc4m.a(hal_uart.o)
 .debug_loc     0x00001ca5      0x4ad C:\Users\ZongYo\Documents\Atmel Studio\7.0\test_work\test_work\libc4m.a(hal_spi.o)
 .debug_loc     0x00002152     0x1af6 C:\Users\ZongYo\Documents\Atmel Studio\7.0\test_work\test_work\libc4m.a(isr.o)
 .debug_loc     0x00003c48      0x1be C:\Users\ZongYo\Documents\Atmel Studio\7.0\test_work\test_work\libc4m.a(hardware_interrupt.o)
 .debug_loc     0x00003e06      0x283 C:\Users\ZongYo\Documents\Atmel Studio\7.0\test_work\test_work\libc4m.a(hal_time.o)
 .debug_loc     0x00004089       0x5d C:\Users\ZongYo\Documents\Atmel Studio\7.0\test_work\test_work\libc4m.a(asabus.o)

.debug_macinfo
 *(.debug_macinfo)

.debug_weaknames
 *(.debug_weaknames)

.debug_funcnames
 *(.debug_funcnames)

.debug_typenames
 *(.debug_typenames)

.debug_varnames
 *(.debug_varnames)

.debug_pubtypes
 *(.debug_pubtypes)

.debug_ranges   0x00000000      0x2b0
 *(.debug_ranges)
 .debug_ranges  0x00000000       0x18 Src/Compensator_2.o
 .debug_ranges  0x00000018       0x30 Src/hardware_init.o
 .debug_ranges  0x00000048       0x18 Src/IFeedBack.o
 .debug_ranges  0x00000060       0x18 Src/IntPoPwm.o
 .debug_ranges  0x00000078       0x18 Src/LLFeedBack.o
 .debug_ranges  0x00000090       0x58 Src/main.o
 .debug_ranges  0x000000e8       0x30 Src/MoCmdBuff.o
 .debug_ranges  0x00000118       0x18 Src/Overflower.o
 .debug_ranges  0x00000130       0x18 Src/RWFirFilter.o
 .debug_ranges  0x00000148       0x18 Src/SinTable.o
 .debug_ranges  0x00000160       0x20 Src/uartdevice.o
 .debug_ranges  0x00000180       0xd0 C:\Users\ZongYo\Documents\Atmel Studio\7.0\test_work\test_work\libc4m.a(hal_uart.o)
 .debug_ranges  0x00000250       0x48 C:\Users\ZongYo\Documents\Atmel Studio\7.0\test_work\test_work\libc4m.a(hal_spi.o)
 .debug_ranges  0x00000298       0x18 C:\Users\ZongYo\Documents\Atmel Studio\7.0\test_work\test_work\libc4m.a(hardware_interrupt.o)

.debug_macro
 *(.debug_macro)
OUTPUT(test_work.elf elf32-avr)
LOAD linker stubs
